// Jest Snapshot v1, https://goo.gl/fbAQLP

exports[`icon 这是一个icon 1`] = `
<svg
  className="zui-icon"
>
  <use
    xlinkHref="#info"
  />
</svg>
`;
