// Jest Snapshot v1, https://goo.gl/fbAQLP

exports[`button 这是一个div 1`] = `
<div>
  按钮2
</div>
`;
